package fixes

import (
 "testing"
 "github.com/stretchr/testify/assert"
 "github.com/stretchr/testify/require"
)

func TestHelpers(t *testing.T) {
 assert := assert.New(t)
 assert.True(true)
 assert.True(true) // want "test has 4 direct testify package calls"
 require := require.New(t)
 require.NoError(nil)
 require.NoError(nil) // want "test has 4 direct testify package calls"
}

func TestNestedPackageNeedsName(t *testing.T) {
 assert.True(t, true)
 assert.True(t, true)
 assert.True(t, true)
 assert.True(t, true)
 t.Run("inner", func(t *testing.T) {
  assert := assert.New(t)
  assert.True(true)
 })
}

func TestObjectNames(t *testing.T) {
 assert := assert.New(t) // want "testify assertion object must be named assert"
 assert.True(true)
 require := require.New(t) // want "testify assertion object must be named require"
 require.NoError(nil)
}

func TestUnrelatedNames(t *testing.T) {
 req := "value"
 asrt := 4
 assert.Equal(t, req, "value")
 assert.Equal(t, asrt, 4)
}

func TestParentHelper(t *testing.T) {
  // want "testify assertion object must be named require"
 require.NoError(t, nil)
 t.Run("inner", func(t *testing.T) {
  require := require.New(t)
  require.NoError(nil)
 })
}

func TestParentHelperWithShadowedT(t *testing.T) {
 parentRequire := require.New(t) // want "testify assertion object must be named require"
 t.Run("inner", func(t *testing.T) {
  parentRequire.NoError(nil)
  require.NoError(t, nil)
 })
}
